// Jest Snapshot v1, https://goo.gl/fbAQLP

exports[`<Counter /> renders without crashing 1`] = `
<div
  className="jumbotron"
>
  <h2 />
  <button
    className="btn btn-primary btn-lg"
  >
    DEC
  </button>
  <button
    className="btn btn-primary btn-lg"
  >
    INC
  </button>
  <button
    className="btn btn-primary btn-lg"
  >
    RND
  </button>
</div>
`;
